2025-03-24  version 2.0.3   @honggang_li@icloud.com
Hawk:
  1. 2D scan mode 不再生成 Gray Scale Mode
  2. UI 界面增加 tx_fram_mode & one_dt_mode 等配置
  3. 调整 log 打印机制, 并增加 日志文件
  4. 增加必要寄存器校验, 如若脚本不存在必须寄存器配置行, 则会 warning

2025-07-15 version 3.0.0    @honggang_li@icloud.com
Hawk:
  1. 修复 2.0.3 版本 ROI Excel 无法使用 .xlsx 文件格式
Swan:
  1. 增加Swan GUI 

2025-08-18 version 3.0.1    @honggang_li@icloud.com
Swan: 
  1. 修复 BUG: GUI 修改部分寄存器配置, 生成脚本时不生效
  2. 优化异常信息提示, 增加可读性

2025-08-18 version 3.0.2    @honggang_li@icloud.com
Swan:
  1. 修复 BUG: 10M 时钟分频 BUG 修复

2025-08-18 version 3.0.3    @honggang_li@icloud.com
Swan:
  1. 修复 BUG: PCM 无法生成脚本
  2. 修复 BUG: Expo_time 在开启 prbs 时计算错误

2025-08-25 version 3.0.4    @honggang_li@icloud.com
Swan:
  1. 增大 MIPI_PKT_DLY 动态配置范围至 10us

2025-08-25 version 3.0.5    @honggang_li@icloud.com
Swan:
  1. 由于 MIPI_FSDLY_CYC 位宽的限制, 无法将 MPI_PKT_INTV 配置过大. 考虑到客户存在将 MIPI_PKT_INTV 配
     置无限大的可能, 因此对 MIPI_FSDLY_CYC 特殊处理, 如果超位宽, 直接将配置修改为 0x3FF, 此处理方式不影响实
     际应用

2025-08-25 version 3.0.6    @honggang_li@icloud.com
LineArray:
  1. 修改 PHR & SPHR 模式下, DSP 配置界面输出数据的控制逻辑
  2. SPOT_MON_MINBIN_THRS 配置行, 右边 Value 根据 SPOT_MON_MINBIN_THRS 配置实时更新